[INFO] Scanning for projects...
[INFO] 
[INFO] -----------------------------< Ranex:ruvo >-----------------------------
[INFO] Building  0.0.1-SNAPSHOT
[INFO]   from pom.xml
[INFO] --------------------------------[ jar ]---------------------------------
[INFO] 
[INFO] --- clean:3.5.0:clean (default-clean) @ ruvo ---
[INFO] Deleting C:\Users\rm273\Downloads\RuVo\ruvo\target
[INFO] 
[INFO] --- resources:3.5.0:resources (default-resources) @ ruvo ---
[INFO] Copying 1 resource from src\main\resources to target\classes
[INFO] Copying 0 resource from src\main\resources to target\classes
[INFO] 
[INFO] --- compiler:3.15.0:compile (default-compile) @ ruvo ---
[INFO] Recompiling the module because of changed source code.
[INFO] Compiling 91 source files with javac [debug parameters release 17] to target\classes
[INFO] ------------------------------------------------------------------------
[INFO] BUILD SUCCESS
[INFO] ------------------------------------------------------------------------
[INFO] Total time:  11.565 s
[INFO] Finished at: 2026-08-23T14:08:31+05:30
[INFO] ------------------------------------------------------------------------
