[INFO] Scanning for projects...
[INFO] 
[INFO] -----------------------------< Ranex:ruvo >-----------------------------
[INFO] Building  0.0.1-SNAPSHOT
[INFO]   from pom.xml
[INFO] --------------------------------[ jar ]---------------------------------
[INFO] 
[INFO] --- resources:3.5.0:resources (default-resources) @ ruvo ---
[INFO] Copying 1 resource from src\main\resources to target\classes
[INFO] Copying 0 resource from src\main\resources to target\classes
[INFO] 
[INFO] --- compiler:3.15.0:compile (default-compile) @ ruvo ---
[INFO] Recompiling the module because of changed source code.
[INFO] Compiling 101 source files with javac [debug parameters release 17] to target\classes
[INFO] -------------------------------------------------------------
[ERROR] COMPILATION ERROR : 
[INFO] -------------------------------------------------------------
[ERROR] /C:/Users/rm273/Downloads/RuVo/ruvo/src/main/java/Ranex/ruvo/controller/CashfreeController.java:[1,1] illegal character: '`'
[ERROR] /C:/Users/rm273/Downloads/RuVo/ruvo/src/main/java/Ranex/ruvo/controller/CashfreeController.java:[1,2] illegal character: '`'
[ERROR] /C:/Users/rm273/Downloads/RuVo/ruvo/src/main/java/Ranex/ruvo/controller/CashfreeController.java:[1,3] illegal character: '`'
[ERROR] /C:/Users/rm273/Downloads/RuVo/ruvo/src/main/java/Ranex/ruvo/controller/CashfreeController.java:[2,1] class, interface, enum, or record expected
[ERROR] /C:/Users/rm273/Downloads/RuVo/ruvo/src/main/java/Ranex/ruvo/model/Payment.java:[1,1] illegal character: '`'
[ERROR] /C:/Users/rm273/Downloads/RuVo/ruvo/src/main/java/Ranex/ruvo/model/Payment.java:[1,2] illegal character: '`'
[ERROR] /C:/Users/rm273/Downloads/RuVo/ruvo/src/main/java/Ranex/ruvo/model/Payment.java:[1,3] illegal character: '`'
[ERROR] /C:/Users/rm273/Downloads/RuVo/ruvo/src/main/java/Ranex/ruvo/model/Payment.java:[2,1] class, interface, enum, or record expected
[ERROR] /C:/Users/rm273/Downloads/RuVo/ruvo/src/main/java/Ranex/ruvo/service/CashfreeService.java:[1,1] illegal character: '`'
[ERROR] /C:/Users/rm273/Downloads/RuVo/ruvo/src/main/java/Ranex/ruvo/service/CashfreeService.java:[1,2] illegal character: '`'
[ERROR] /C:/Users/rm273/Downloads/RuVo/ruvo/src/main/java/Ranex/ruvo/service/CashfreeService.java:[1,3] illegal character: '`'
[ERROR] /C:/Users/rm273/Downloads/RuVo/ruvo/src/main/java/Ranex/ruvo/service/CashfreeService.java:[2,1] class, interface, enum, or record expected
[ERROR] /C:/Users/rm273/Downloads/RuVo/ruvo/src/main/java/Ranex/ruvo/service/CashfreeService.java:[722,1] illegal character: '`'
[ERROR] /C:/Users/rm273/Downloads/RuVo/ruvo/src/main/java/Ranex/ruvo/service/CashfreeService.java:[722,2] illegal character: '`'
[ERROR] /C:/Users/rm273/Downloads/RuVo/ruvo/src/main/java/Ranex/ruvo/service/CashfreeService.java:[722,3] illegal character: '`'
[ERROR] /C:/Users/rm273/Downloads/RuVo/ruvo/src/main/java/Ranex/ruvo/service/CashfreeService.java:[724,1] illegal character: '#'
[ERROR] /C:/Users/rm273/Downloads/RuVo/ruvo/src/main/java/Ranex/ruvo/service/CashfreeService.java:[724,2] illegal character: '#'
[ERROR] /C:/Users/rm273/Downloads/RuVo/ruvo/src/main/java/Ranex/ruvo/service/CashfreeService.java:[724,3] illegal character: '#'
[ERROR] /C:/Users/rm273/Downloads/RuVo/ruvo/src/main/java/Ranex/ruvo/service/CashfreeService.java:[724,5] illegal character: '`'
[ERROR] /C:/Users/rm273/Downloads/RuVo/ruvo/src/main/java/Ranex/ruvo/service/CashfreeService.java:[724,17] class, interface, enum, or record expected
[ERROR] /C:/Users/rm273/Downloads/RuVo/ruvo/src/main/java/Ranex/ruvo/service/CashfreeService.java:[724,28] illegal character: '`'
[ERROR] /C:/Users/rm273/Downloads/RuVo/ruvo/src/main/java/Ranex/ruvo/service/CashfreeService.java:[726,1] illegal character: '`'
[ERROR] /C:/Users/rm273/Downloads/RuVo/ruvo/src/main/java/Ranex/ruvo/service/CashfreeService.java:[726,2] illegal character: '`'
[ERROR] /C:/Users/rm273/Downloads/RuVo/ruvo/src/main/java/Ranex/ruvo/service/CashfreeService.java:[726,3] illegal character: '`'
[ERROR] /C:/Users/rm273/Downloads/RuVo/ruvo/src/main/java/Ranex/ruvo/service/CashfreeService.java:[732,1] illegal character: '#'
[ERROR] /C:/Users/rm273/Downloads/RuVo/ruvo/src/main/java/Ranex/ruvo/service/CashfreeService.java:[735,1] illegal character: '#'
[ERROR] /C:/Users/rm273/Downloads/RuVo/ruvo/src/main/java/Ranex/ruvo/service/CashfreeService.java:[736,1] illegal character: '#'
[ERROR] /C:/Users/rm273/Downloads/RuVo/ruvo/src/main/java/Ranex/ruvo/service/CashfreeService.java:[741,1] illegal character: '`'
[ERROR] /C:/Users/rm273/Downloads/RuVo/ruvo/src/main/java/Ranex/ruvo/service/CashfreeService.java:[741,2] illegal character: '`'
[ERROR] /C:/Users/rm273/Downloads/RuVo/ruvo/src/main/java/Ranex/ruvo/service/CashfreeService.java:[741,3] illegal character: '`'
[ERROR] /C:/Users/rm273/Downloads/RuVo/ruvo/src/main/java/Ranex/ruvo/service/CashfreeService.java:[743,53] illegal character: '\u2192'
[ERROR] /C:/Users/rm273/Downloads/RuVo/ruvo/src/main/java/Ranex/ruvo/service/CashfreeService.java:[743,55] illegal character: '`'
[ERROR] /C:/Users/rm273/Downloads/RuVo/ruvo/src/main/java/Ranex/ruvo/service/CashfreeService.java:[743,74] illegal character: '`'
[ERROR] /C:/Users/rm273/Downloads/RuVo/ruvo/src/main/java/Ranex/ruvo/service/CashfreeService.java:[743,76] illegal character: '\u2192'
[ERROR] /C:/Users/rm273/Downloads/RuVo/ruvo/src/main/java/Ranex/ruvo/service/CashfreeService.java:[745,1] illegal character: '#'
[ERROR] /C:/Users/rm273/Downloads/RuVo/ruvo/src/main/java/Ranex/ruvo/service/CashfreeService.java:[745,2] illegal character: '#'
[ERROR] /C:/Users/rm273/Downloads/RuVo/ruvo/src/main/java/Ranex/ruvo/service/CashfreeService.java:[745,3] illegal character: '#'
[ERROR] /C:/Users/rm273/Downloads/RuVo/ruvo/src/main/java/Ranex/ruvo/service/CashfreeService.java:[749,1] illegal character: '`'
[ERROR] /C:/Users/rm273/Downloads/RuVo/ruvo/src/main/java/Ranex/ruvo/service/CashfreeService.java:[749,2] illegal character: '`'
[ERROR] /C:/Users/rm273/Downloads/RuVo/ruvo/src/main/java/Ranex/ruvo/service/CashfreeService.java:[749,3] illegal character: '`'
[ERROR] /C:/Users/rm273/Downloads/RuVo/ruvo/src/main/java/Ranex/ruvo/service/CashfreeService.java:[751,1] illegal character: '`'
[ERROR] /C:/Users/rm273/Downloads/RuVo/ruvo/src/main/java/Ranex/ruvo/service/CashfreeService.java:[751,2] illegal character: '`'
[ERROR] /C:/Users/rm273/Downloads/RuVo/ruvo/src/main/java/Ranex/ruvo/service/CashfreeService.java:[751,3] illegal character: '`'
[ERROR] /C:/Users/rm273/Downloads/RuVo/ruvo/src/main/java/Ranex/ruvo/service/CashfreeService.java:[755,1] illegal character: '`'
[ERROR] /C:/Users/rm273/Downloads/RuVo/ruvo/src/main/java/Ranex/ruvo/service/CashfreeService.java:[755,2] illegal character: '`'
[ERROR] /C:/Users/rm273/Downloads/RuVo/ruvo/src/main/java/Ranex/ruvo/service/CashfreeService.java:[755,3] illegal character: '`'
[ERROR] /C:/Users/rm273/Downloads/RuVo/ruvo/src/main/java/Ranex/ruvo/service/CashfreeService.java:[757,1] illegal character: '`'
[ERROR] /C:/Users/rm273/Downloads/RuVo/ruvo/src/main/java/Ranex/ruvo/service/CashfreeService.java:[757,2] illegal character: '`'
[ERROR] /C:/Users/rm273/Downloads/RuVo/ruvo/src/main/java/Ranex/ruvo/service/CashfreeService.java:[757,3] illegal character: '`'
[ERROR] /C:/Users/rm273/Downloads/RuVo/ruvo/src/main/java/Ranex/ruvo/service/CashfreeService.java:[761,1] illegal character: '`'
[ERROR] /C:/Users/rm273/Downloads/RuVo/ruvo/src/main/java/Ranex/ruvo/service/CashfreeService.java:[761,2] illegal character: '`'
[ERROR] /C:/Users/rm273/Downloads/RuVo/ruvo/src/main/java/Ranex/ruvo/service/CashfreeService.java:[761,3] illegal character: '`'
[INFO] 52 errors 
[INFO] -------------------------------------------------------------
[INFO] ------------------------------------------------------------------------
[INFO] BUILD FAILURE
[INFO] ------------------------------------------------------------------------
[INFO] Total time:  7.550 s
[INFO] Finished at: 2026-08-23T22:34:07+05:30
[INFO] ------------------------------------------------------------------------
[ERROR] Failed to execute goal org.apache.maven.plugins:maven-compiler-plugin:3.15.0:compile (default-compile) on project ruvo: Compilation failure: Compilation failure: 
[ERROR] /C:/Users/rm273/Downloads/RuVo/ruvo/src/main/java/Ranex/ruvo/controller/CashfreeController.java:[1,1] illegal character: '`'
[ERROR] /C:/Users/rm273/Downloads/RuVo/ruvo/src/main/java/Ranex/ruvo/controller/CashfreeController.java:[1,2] illegal character: '`'
[ERROR] /C:/Users/rm273/Downloads/RuVo/ruvo/src/main/java/Ranex/ruvo/controller/CashfreeController.java:[1,3] illegal character: '`'
[ERROR] /C:/Users/rm273/Downloads/RuVo/ruvo/src/main/java/Ranex/ruvo/controller/CashfreeController.java:[2,1] class, interface, enum, or record expected
[ERROR] /C:/Users/rm273/Downloads/RuVo/ruvo/src/main/java/Ranex/ruvo/model/Payment.java:[1,1] illegal character: '`'
[ERROR] /C:/Users/rm273/Downloads/RuVo/ruvo/src/main/java/Ranex/ruvo/model/Payment.java:[1,2] illegal character: '`'
[ERROR] /C:/Users/rm273/Downloads/RuVo/ruvo/src/main/java/Ranex/ruvo/model/Payment.java:[1,3] illegal character: '`'
[ERROR] /C:/Users/rm273/Downloads/RuVo/ruvo/src/main/java/Ranex/ruvo/model/Payment.java:[2,1] class, interface, enum, or record expected
[ERROR] /C:/Users/rm273/Downloads/RuVo/ruvo/src/main/java/Ranex/ruvo/service/CashfreeService.java:[1,1] illegal character: '`'
[ERROR] /C:/Users/rm273/Downloads/RuVo/ruvo/src/main/java/Ranex/ruvo/service/CashfreeService.java:[1,2] illegal character: '`'
[ERROR] /C:/Users/rm273/Downloads/RuVo/ruvo/src/main/java/Ranex/ruvo/service/CashfreeService.java:[1,3] illegal character: '`'
[ERROR] /C:/Users/rm273/Downloads/RuVo/ruvo/src/main/java/Ranex/ruvo/service/CashfreeService.java:[2,1] class, interface, enum, or record expected
[ERROR] /C:/Users/rm273/Downloads/RuVo/ruvo/src/main/java/Ranex/ruvo/service/CashfreeService.java:[722,1] illegal character: '`'
[ERROR] /C:/Users/rm273/Downloads/RuVo/ruvo/src/main/java/Ranex/ruvo/service/CashfreeService.java:[722,2] illegal character: '`'
[ERROR] /C:/Users/rm273/Downloads/RuVo/ruvo/src/main/java/Ranex/ruvo/service/CashfreeService.java:[722,3] illegal character: '`'
[ERROR] /C:/Users/rm273/Downloads/RuVo/ruvo/src/main/java/Ranex/ruvo/service/CashfreeService.java:[724,1] illegal character: '#'
[ERROR] /C:/Users/rm273/Downloads/RuVo/ruvo/src/main/java/Ranex/ruvo/service/CashfreeService.java:[724,2] illegal character: '#'
[ERROR] /C:/Users/rm273/Downloads/RuVo/ruvo/src/main/java/Ranex/ruvo/service/CashfreeService.java:[724,3] illegal character: '#'
[ERROR] /C:/Users/rm273/Downloads/RuVo/ruvo/src/main/java/Ranex/ruvo/service/CashfreeService.java:[724,5] illegal character: '`'
[ERROR] /C:/Users/rm273/Downloads/RuVo/ruvo/src/main/java/Ranex/ruvo/service/CashfreeService.java:[724,17] class, interface, enum, or record expected
[ERROR] /C:/Users/rm273/Downloads/RuVo/ruvo/src/main/java/Ranex/ruvo/service/CashfreeService.java:[724,28] illegal character: '`'
[ERROR] /C:/Users/rm273/Downloads/RuVo/ruvo/src/main/java/Ranex/ruvo/service/CashfreeService.java:[726,1] illegal character: '`'
[ERROR] /C:/Users/rm273/Downloads/RuVo/ruvo/src/main/java/Ranex/ruvo/service/CashfreeService.java:[726,2] illegal character: '`'
[ERROR] /C:/Users/rm273/Downloads/RuVo/ruvo/src/main/java/Ranex/ruvo/service/CashfreeService.java:[726,3] illegal character: '`'
[ERROR] /C:/Users/rm273/Downloads/RuVo/ruvo/src/main/java/Ranex/ruvo/service/CashfreeService.java:[732,1] illegal character: '#'
[ERROR] /C:/Users/rm273/Downloads/RuVo/ruvo/src/main/java/Ranex/ruvo/service/CashfreeService.java:[735,1] illegal character: '#'
[ERROR] /C:/Users/rm273/Downloads/RuVo/ruvo/src/main/java/Ranex/ruvo/service/CashfreeService.java:[736,1] illegal character: '#'
[ERROR] /C:/Users/rm273/Downloads/RuVo/ruvo/src/main/java/Ranex/ruvo/service/CashfreeService.java:[741,1] illegal character: '`'
[ERROR] /C:/Users/rm273/Downloads/RuVo/ruvo/src/main/java/Ranex/ruvo/service/CashfreeService.java:[741,2] illegal character: '`'
[ERROR] /C:/Users/rm273/Downloads/RuVo/ruvo/src/main/java/Ranex/ruvo/service/CashfreeService.java:[741,3] illegal character: '`'
[ERROR] /C:/Users/rm273/Downloads/RuVo/ruvo/src/main/java/Ranex/ruvo/service/CashfreeService.java:[743,53] illegal character: '\u2192'
[ERROR] /C:/Users/rm273/Downloads/RuVo/ruvo/src/main/java/Ranex/ruvo/service/CashfreeService.java:[743,55] illegal character: '`'
[ERROR] /C:/Users/rm273/Downloads/RuVo/ruvo/src/main/java/Ranex/ruvo/service/CashfreeService.java:[743,74] illegal character: '`'
[ERROR] /C:/Users/rm273/Downloads/RuVo/ruvo/src/main/java/Ranex/ruvo/service/CashfreeService.java:[743,76] illegal character: '\u2192'
[ERROR] /C:/Users/rm273/Downloads/RuVo/ruvo/src/main/java/Ranex/ruvo/service/CashfreeService.java:[745,1] illegal character: '#'
[ERROR] /C:/Users/rm273/Downloads/RuVo/ruvo/src/main/java/Ranex/ruvo/service/CashfreeService.java:[745,2] illegal character: '#'
[ERROR] /C:/Users/rm273/Downloads/RuVo/ruvo/src/main/java/Ranex/ruvo/service/CashfreeService.java:[745,3] illegal character: '#'
[ERROR] /C:/Users/rm273/Downloads/RuVo/ruvo/src/main/java/Ranex/ruvo/service/CashfreeService.java:[749,1] illegal character: '`'
[ERROR] /C:/Users/rm273/Downloads/RuVo/ruvo/src/main/java/Ranex/ruvo/service/CashfreeService.java:[749,2] illegal character: '`'
[ERROR] /C:/Users/rm273/Downloads/RuVo/ruvo/src/main/java/Ranex/ruvo/service/CashfreeService.java:[749,3] illegal character: '`'
[ERROR] /C:/Users/rm273/Downloads/RuVo/ruvo/src/main/java/Ranex/ruvo/service/CashfreeService.java:[751,1] illegal character: '`'
[ERROR] /C:/Users/rm273/Downloads/RuVo/ruvo/src/main/java/Ranex/ruvo/service/CashfreeService.java:[751,2] illegal character: '`'
[ERROR] /C:/Users/rm273/Downloads/RuVo/ruvo/src/main/java/Ranex/ruvo/service/CashfreeService.java:[751,3] illegal character: '`'
[ERROR] /C:/Users/rm273/Downloads/RuVo/ruvo/src/main/java/Ranex/ruvo/service/CashfreeService.java:[755,1] illegal character: '`'
[ERROR] /C:/Users/rm273/Downloads/RuVo/ruvo/src/main/java/Ranex/ruvo/service/CashfreeService.java:[755,2] illegal character: '`'
[ERROR] /C:/Users/rm273/Downloads/RuVo/ruvo/src/main/java/Ranex/ruvo/service/CashfreeService.java:[755,3] illegal character: '`'
[ERROR] /C:/Users/rm273/Downloads/RuVo/ruvo/src/main/java/Ranex/ruvo/service/CashfreeService.java:[757,1] illegal character: '`'
[ERROR] /C:/Users/rm273/Downloads/RuVo/ruvo/src/main/java/Ranex/ruvo/service/CashfreeService.java:[757,2] illegal character: '`'
[ERROR] /C:/Users/rm273/Downloads/RuVo/ruvo/src/main/java/Ranex/ruvo/service/CashfreeService.java:[757,3] illegal character: '`'
[ERROR] /C:/Users/rm273/Downloads/RuVo/ruvo/src/main/java/Ranex/ruvo/service/CashfreeService.java:[761,1] illegal character: '`'
[ERROR] /C:/Users/rm273/Downloads/RuVo/ruvo/src/main/java/Ranex/ruvo/service/CashfreeService.java:[761,2] illegal character: '`'
[ERROR] /C:/Users/rm273/Downloads/RuVo/ruvo/src/main/java/Ranex/ruvo/service/CashfreeService.java:[761,3] illegal character: '`'
[ERROR] -> [Help 1]
[ERROR] 
[ERROR] To see the full stack trace of the errors, re-run Maven with the -e switch.
[ERROR] Re-run Maven using the -X switch to enable full debug logging.
[ERROR] 
[ERROR] For more information about the errors and possible solutions, please read the following articles:
[ERROR] [Help 1] http://cwiki.apache.org/confluence/display/MAVEN/MojoFailureException
