[INFO] Scanning for projects...
[INFO] 
[INFO] -----------------------------< Ranex:ruvo >-----------------------------
[INFO] Building  0.0.1-SNAPSHOT
[INFO]   from pom.xml
[INFO] --------------------------------[ jar ]---------------------------------
[INFO] 
[INFO] >>> spring-boot:4.1.0:run (default-cli) > test-compile @ ruvo >>>
[INFO] 
[INFO] --- resources:3.5.0:resources (default-resources) @ ruvo ---
[INFO] Copying 1 resource from src\main\resources to target\classes
[INFO] Copying 0 resource from src\main\resources to target\classes
[INFO] 
[INFO] --- compiler:3.15.0:compile (default-compile) @ ruvo ---
[INFO] Nothing to compile - all classes are up to date.
[INFO] 
[INFO] --- resources:3.5.0:testResources (default-testResources) @ ruvo ---
[INFO] skip non existing resourceDirectory C:\Users\rm273\Downloads\RuVo\ruvo\src\test\resources
[INFO] 
[INFO] --- compiler:3.15.0:testCompile (default-testCompile) @ ruvo ---
[INFO] Recompiling the module because of changed source code.
[INFO] Compiling 3 source files with javac [debug parameters release 17] to target\test-classes
[INFO] 
[INFO] <<< spring-boot:4.1.0:run (default-cli) < test-compile @ ruvo <<<
[INFO] 
[INFO] 
[INFO] --- spring-boot:4.1.0:run (default-cli) @ ruvo ---
[INFO] Attaching agents: []

  .   ____          _            __ _ _
 /\\ / ___'_ __ _ _(_)_ __  __ _ \ \ \ \
( ( )\___ | '_ | '_| | '_ \/ _` | \ \ \ \
 \\/  ___)| |_)| | | | | || (_| |  ) ) ) )
  '  |____| .__|_| |_|_| |_\__, | / / / /
 =========|_|==============|___/=/_/_/_/

 :: Spring Boot ::                (v4.1.0)

2026-08-24T15:08:37.365+05:30  INFO 9240 --- [ruvo] [  restartedMain] Ranex.ruvo.RuvoApplication               : Starting RuvoApplication using Java 17.0.12 with PID 9240 (C:\Users\rm273\Downloads\RuVo\ruvo\target\classes started by rm273 in C:\Users\rm273\Downloads\RuVo\ruvo)
2026-08-24T15:08:37.369+05:30  INFO 9240 --- [ruvo] [  restartedMain] Ranex.ruvo.RuvoApplication               : No active profile set, falling back to 1 default profile: "default"
2026-08-24T15:08:37.421+05:30  INFO 9240 --- [ruvo] [  restartedMain] .e.DevToolsPropertyDefaultsPostProcessor : Devtools property defaults active! Set 'spring.devtools.add-properties' to 'false' to disable
2026-08-24T15:08:37.422+05:30  INFO 9240 --- [ruvo] [  restartedMain] .e.DevToolsPropertyDefaultsPostProcessor : For additional web related logging consider setting the 'logging.level.web' property to 'DEBUG'
2026-08-24T15:08:38.658+05:30  INFO 9240 --- [ruvo] [  restartedMain] .s.d.r.c.RepositoryConfigurationDelegate : Bootstrapping Spring Data JPA repositories in DEFAULT mode.
2026-08-24T15:08:38.832+05:30  INFO 9240 --- [ruvo] [  restartedMain] .s.d.r.c.RepositoryConfigurationDelegate : Finished Spring Data repository scanning in 165 ms. Found 27 JPA repository interfaces.
2026-08-24T15:08:39.687+05:30  INFO 9240 --- [ruvo] [  restartedMain] o.s.boot.tomcat.TomcatWebServer          : Tomcat initialized with port 8080 (http)
2026-08-24T15:08:39.702+05:30  INFO 9240 --- [ruvo] [  restartedMain] o.apache.catalina.core.StandardService   : Starting service [Tomcat]
2026-08-24T15:08:39.702+05:30  INFO 9240 --- [ruvo] [  restartedMain] o.apache.catalina.core.StandardEngine    : Starting Servlet engine: [Apache Tomcat/11.0.22]
2026-08-24T15:08:39.751+05:30  INFO 9240 --- [ruvo] [  restartedMain] b.w.c.s.WebApplicationContextInitializer : Root WebApplicationContext: initialization completed in 2328 ms
2026-08-24T15:08:40.002+05:30  INFO 9240 --- [ruvo] [  restartedMain] org.hibernate.orm.jpa                    : HHH008540: Processing PersistenceUnitInfo [name: default]
2026-08-24T15:08:40.083+05:30  INFO 9240 --- [ruvo] [  restartedMain] org.hibernate.orm.core                   : HHH000001: Hibernate ORM core version 7.4.1.Final
2026-08-24T15:08:40.578+05:30  INFO 9240 --- [ruvo] [  restartedMain] o.s.o.j.p.SpringPersistenceUnitInfo      : No LoadTimeWeaver setup: ignoring JPA class transformer
2026-08-24T15:08:40.622+05:30  INFO 9240 --- [ruvo] [  restartedMain] com.zaxxer.hikari.HikariDataSource       : HikariPool-1 - Starting...
2026-08-24T15:08:40.777+05:30  INFO 9240 --- [ruvo] [  restartedMain] com.zaxxer.hikari.pool.HikariPool        : HikariPool-1 - Added connection com.mysql.cj.jdbc.ConnectionImpl@15ba16c3
2026-08-24T15:08:40.780+05:30  INFO 9240 --- [ruvo] [  restartedMain] com.zaxxer.hikari.HikariDataSource       : HikariPool-1 - Start completed.
2026-08-24T15:08:40.830+05:30  WARN 9240 --- [ruvo] [  restartedMain] org.hibernate.orm.deprecation            : HHH90000025: MySQLDialect does not need to be specified explicitly using 'hibernate.dialect' (remove the property setting and it will be selected by default)
2026-08-24T15:08:40.848+05:30  INFO 9240 --- [ruvo] [  restartedMain] org.hibernate.orm.connections.pooling    : HHH10001005: Database info:
	Database JDBC URL [jdbc:mysql://localhost:3306/ruvo_db?createDatabaseIfNotExist=true&useSSL=false&allowPublicKeyRetrieval=true&serverTimezone=Asia/Kolkata]
	Database driver: MySQL Connector/J
	Database dialect: MySQLDialect
	Database version: 9.3
	Default catalog/schema: ruvo_db/undefined
	Autocommit mode: undefined/unknown
	Isolation level: REPEATABLE_READ [default REPEATABLE_READ]
	JDBC fetch size: none
	Pool: DataSourceConnectionProvider
	Minimum pool size: undefined/unknown
	Maximum pool size: undefined/unknown
2026-08-24T15:08:42.668+05:30  INFO 9240 --- [ruvo] [  restartedMain] org.hibernate.orm.core                   : HHH000489: No JTA platform available (set 'hibernate.transaction.jta.platform' to enable JTA platform integration)
2026-08-24T15:08:42.770+05:30  INFO 9240 --- [ruvo] [  restartedMain] j.LocalContainerEntityManagerFactoryBean : Initialized JPA EntityManagerFactory for persistence unit 'default'
2026-08-24T15:08:42.836+05:30  INFO 9240 --- [ruvo] [  restartedMain] o.s.d.j.r.query.QueryEnhancerFactories   : Hibernate is in classpath; If applicable, HQL parser will be used.
2026-08-24T15:08:44.131+05:30  INFO 9240 --- [ruvo] [  restartedMain] r$InitializeUserDetailsManagerConfigurer : Global AuthenticationManager configured with UserDetailsService bean with name customUserDetailsService
2026-08-24T15:08:45.416+05:30  INFO 9240 --- [ruvo] [  restartedMain] o.s.b.a.e.web.EndpointLinksResolver      : Exposing 2 endpoints beneath base path '/actuator'
2026-08-24T15:08:45.485+05:30  INFO 9240 --- [ruvo] [  restartedMain] o.s.m.s.b.SimpleBrokerMessageHandler     : Starting...
2026-08-24T15:08:45.486+05:30  INFO 9240 --- [ruvo] [  restartedMain] o.s.m.s.b.SimpleBrokerMessageHandler     : BrokerAvailabilityEvent[available=true, SimpleBrokerMessageHandler [org.springframework.messaging.simp.broker.DefaultSubscriptionRegistry@5cd8a5b6]]
2026-08-24T15:08:45.487+05:30  INFO 9240 --- [ruvo] [  restartedMain] o.s.m.s.b.SimpleBrokerMessageHandler     : Started.
2026-08-24T15:08:45.495+05:30  INFO 9240 --- [ruvo] [  restartedMain] o.s.m.s.b.SimpleBrokerMessageHandler     : Stopping...
2026-08-24T15:08:45.495+05:30  INFO 9240 --- [ruvo] [  restartedMain] o.s.m.s.b.SimpleBrokerMessageHandler     : BrokerAvailabilityEvent[available=false, SimpleBrokerMessageHandler [org.springframework.messaging.simp.broker.DefaultSubscriptionRegistry@5cd8a5b6]]
2026-08-24T15:08:45.495+05:30  INFO 9240 --- [ruvo] [  restartedMain] o.s.m.s.b.SimpleBrokerMessageHandler     : Stopped.
2026-08-24T15:08:45.496+05:30  WARN 9240 --- [ruvo] [  restartedMain] ConfigServletWebServerApplicationContext : Exception encountered during context initialization - cancelling refresh attempt: org.springframework.context.ApplicationContextException: Failed to start bean 'webServerStartStop'
2026-08-24T15:08:45.506+05:30  INFO 9240 --- [ruvo] [  restartedMain] j.LocalContainerEntityManagerFactoryBean : Closing JPA EntityManagerFactory for persistence unit 'default'
2026-08-24T15:08:45.511+05:30  INFO 9240 --- [ruvo] [  restartedMain] com.zaxxer.hikari.HikariDataSource       : HikariPool-1 - Shutdown initiated...
2026-08-24T15:08:45.522+05:30  INFO 9240 --- [ruvo] [  restartedMain] com.zaxxer.hikari.HikariDataSource       : HikariPool-1 - Shutdown completed.
2026-08-24T15:08:45.537+05:30  INFO 9240 --- [ruvo] [  restartedMain] .s.b.a.l.ConditionEvaluationReportLogger : 

Error starting ApplicationContext. To display the condition evaluation report re-run your application with 'debug' enabled.
2026-08-24T15:08:45.553+05:30 ERROR 9240 --- [ruvo] [  restartedMain] o.s.b.d.LoggingFailureAnalysisReporter   : 

***************************
APPLICATION FAILED TO START
***************************

Description:

Web server failed to start. Port 8080 was already in use.

Action:

Identify and stop the process that's listening on port 8080 or configure this application to listen on another port.

[INFO] ------------------------------------------------------------------------
[INFO] BUILD SUCCESS
[INFO] ------------------------------------------------------------------------
[INFO] Total time:  15.044 s
[INFO] Finished at: 2026-08-24T15:08:45+05:30
[INFO] ------------------------------------------------------------------------
